[tech] 11100111000 -> Tech(sdpa=True, mlp_running_sum=True, chunked_ce=True, recompute=False, stream_segments=False, offload_records=True, park_grads_host=True, offload_adam=True, segment_wo=False, free_device=False, no_kv_cache=False)
[seg-train] preset=small_8x2x2x8 dev=cuda bs=64 steps/epoch=509 total=5090 | train=32568 val=11520
  E1 step 1 | loss=7.6204 acc=0.0000 lr=1.50e-06
  E1 step 50 | loss=7.3230 acc=0.2104 lr=7.50e-05
  E1 step 100 | loss=6.9441 acc=0.4100 lr=1.50e-04
  E1 step 150 | loss=6.5500 acc=0.5005 lr=2.25e-04
  E1 step 200 | loss=6.0670 acc=0.5526 lr=3.00e-04
  E1 step 250 | loss=5.5154 acc=0.5881 lr=3.00e-04
  E1 step 300 | loss=4.9701 acc=0.6210 lr=3.00e-04
  E1 step 350 | loss=4.4691 acc=0.6547 lr=2.99e-04
  E1 step 400 | loss=4.0290 acc=0.6847 lr=2.99e-04
  E1 step 450 | loss=3.6525 acc=0.7106 lr=2.98e-04
  E1 step 500 | loss=3.3337 acc=0.7330 lr=2.97e-04
Epoch 1 train_loss=3.2815 train_acc=0.7366 t=53.3s
  [validation] loss=0.4487 acc(global)=0.9207 acc(ex)=0.9207 (11520 ex)
  *** new best val_loss=0.4487 ***
  E2 step 510 | loss=0.4287 acc=0.9329 lr=2.97e-04
  E2 step 550 | loss=0.3441 acc=0.9451 lr=2.96e-04
  E2 step 600 | loss=0.2971 acc=0.9529 lr=2.95e-04
  E2 step 650 | loss=0.2734 acc=0.9563 lr=2.94e-04
  E2 step 700 | loss=0.2502 acc=0.9596 lr=2.92e-04
  E2 step 750 | loss=0.2304 acc=0.9623 lr=2.91e-04
  E2 step 800 | loss=0.2145 acc=0.9645 lr=2.89e-04
  E2 step 850 | loss=0.1996 acc=0.9666 lr=2.87e-04
  E2 step 900 | loss=0.1880 acc=0.9682 lr=2.85e-04
  E2 step 950 | loss=0.1764 acc=0.9700 lr=2.83e-04
  E2 step 1000 | loss=0.1681 acc=0.9711 lr=2.81e-04
Epoch 2 train_loss=0.1647 train_acc=0.9716 t=52.6s
  [validation] loss=0.1135 acc(global)=0.9760 acc(ex)=0.9773 (11520 ex)
  *** new best val_loss=0.1135 ***
  E3 step 1019 | loss=0.0397 acc=0.9952 lr=2.80e-04
  E3 step 1050 | loss=0.0641 acc=0.9878 lr=2.78e-04
  E3 step 1100 | loss=0.0655 acc=0.9874 lr=2.76e-04
  E3 step 1150 | loss=0.0676 acc=0.9873 lr=2.73e-04
  E3 step 1200 | loss=0.0649 acc=0.9880 lr=2.70e-04
  E3 step 1250 | loss=0.0639 acc=0.9882 lr=2.67e-04
  E3 step 1300 | loss=0.0624 acc=0.9884 lr=2.64e-04
  E3 step 1350 | loss=0.0619 acc=0.9886 lr=2.61e-04
  E3 step 1400 | loss=0.0612 acc=0.9888 lr=2.58e-04
  E3 step 1450 | loss=0.0587 acc=0.9893 lr=2.54e-04
  E3 step 1500 | loss=0.0578 acc=0.9895 lr=2.51e-04
Epoch 3 train_loss=0.0570 train_acc=0.9896 t=52.3s
  [validation] loss=0.0609 acc(global)=0.9886 acc(ex)=0.9895 (11520 ex)
  *** new best val_loss=0.0609 ***
  E4 step 1528 | loss=0.0244 acc=0.9967 lr=2.49e-04
  E4 step 1550 | loss=0.0560 acc=0.9903 lr=2.47e-04
  E4 step 1600 | loss=0.0469 acc=0.9918 lr=2.43e-04
  E4 step 1650 | loss=0.0431 acc=0.9923 lr=2.40e-04
  E4 step 1700 | loss=0.0403 acc=0.9927 lr=2.36e-04
  E4 step 1750 | loss=0.0398 acc=0.9928 lr=2.32e-04
  E4 step 1800 | loss=0.0391 acc=0.9929 lr=2.28e-04
  E4 step 1850 | loss=0.0369 acc=0.9933 lr=2.23e-04
  E4 step 1900 | loss=0.0359 acc=0.9935 lr=2.19e-04
  E4 step 1950 | loss=0.0349 acc=0.9937 lr=2.15e-04
  E4 step 2000 | loss=0.0342 acc=0.9938 lr=2.10e-04
Epoch 4 train_loss=0.0342 train_acc=0.9938 t=52.2s
  [validation] loss=0.0401 acc(global)=0.9920 acc(ex)=0.9927 (11520 ex)
  *** new best val_loss=0.0401 ***
  E5 step 2037 | loss=0.0347 acc=0.9932 lr=2.07e-04
  E5 step 2050 | loss=0.0215 acc=0.9962 lr=2.06e-04
  E5 step 2100 | loss=0.0230 acc=0.9958 lr=2.02e-04
  E5 step 2150 | loss=0.0263 acc=0.9956 lr=1.97e-04
  E5 step 2200 | loss=0.0265 acc=0.9955 lr=1.92e-04
  E5 step 2250 | loss=0.0266 acc=0.9954 lr=1.88e-04
  E5 step 2300 | loss=0.0258 acc=0.9955 lr=1.83e-04
  E5 step 2350 | loss=0.0243 acc=0.9958 lr=1.78e-04
  E5 step 2400 | loss=0.0244 acc=0.9958 lr=1.74e-04
  E5 step 2450 | loss=0.0240 acc=0.9958 lr=1.69e-04
  E5 step 2500 | loss=0.0237 acc=0.9958 lr=1.64e-04
Epoch 5 train_loss=0.0239 train_acc=0.9958 t=52.2s
  [validation] loss=0.0311 acc(global)=0.9935 acc(ex)=0.9941 (11520 ex)
  *** new best val_loss=0.0311 ***
  E6 step 2546 | loss=0.0034 acc=1.0000 lr=1.60e-04
  E6 step 2550 | loss=0.0147 acc=0.9968 lr=1.59e-04
  E6 step 2600 | loss=0.0165 acc=0.9969 lr=1.54e-04
  E6 step 2650 | loss=0.0196 acc=0.9964 lr=1.50e-04
  E6 step 2700 | loss=0.0201 acc=0.9963 lr=1.45e-04
  E6 step 2750 | loss=0.0192 acc=0.9965 lr=1.40e-04
  E6 step 2800 | loss=0.0185 acc=0.9966 lr=1.35e-04
  E6 step 2850 | loss=0.0184 acc=0.9966 lr=1.30e-04
  E6 step 2900 | loss=0.0178 acc=0.9967 lr=1.26e-04
  E6 step 2950 | loss=0.0180 acc=0.9967 lr=1.21e-04
  E6 step 3000 | loss=0.0183 acc=0.9966 lr=1.16e-04
  E6 step 3050 | loss=0.0182 acc=0.9967 lr=1.12e-04
Epoch 6 train_loss=0.0181 train_acc=0.9967 t=52.2s
  [validation] loss=0.0259 acc(global)=0.9946 acc(ex)=0.9952 (11520 ex)
  *** new best val_loss=0.0259 ***
  E7 step 3055 | loss=0.0028 acc=0.9984 lr=1.11e-04
  E7 step 3100 | loss=0.0169 acc=0.9971 lr=1.07e-04
  E7 step 3150 | loss=0.0150 acc=0.9972 lr=1.02e-04
  E7 step 3200 | loss=0.0149 acc=0.9973 lr=9.77e-05
  E7 step 3250 | loss=0.0146 acc=0.9974 lr=9.32e-05
  E7 step 3300 | loss=0.0151 acc=0.9973 lr=8.88e-05
  E7 step 3350 | loss=0.0150 acc=0.9973 lr=8.44e-05
  E7 step 3400 | loss=0.0147 acc=0.9974 lr=8.01e-05
  E7 step 3450 | loss=0.0146 acc=0.9974 lr=7.59e-05
  E7 step 3500 | loss=0.0146 acc=0.9974 lr=7.18e-05
  E7 step 3550 | loss=0.0144 acc=0.9975 lr=6.77e-05
Epoch 7 train_loss=0.0148 train_acc=0.9974 t=52.3s
  [validation] loss=0.0219 acc(global)=0.9953 acc(ex)=0.9958 (11520 ex)
  *** new best val_loss=0.0219 ***
  E8 step 3564 | loss=0.0092 acc=0.9984 lr=6.66e-05
  E8 step 3600 | loss=0.0131 acc=0.9977 lr=6.37e-05
  E8 step 3650 | loss=0.0121 acc=0.9979 lr=5.98e-05
  E8 step 3700 | loss=0.0136 acc=0.9976 lr=5.60e-05
  E8 step 3750 | loss=0.0128 acc=0.9978 lr=5.23e-05
  E8 step 3800 | loss=0.0133 acc=0.9977 lr=4.87e-05
  E8 step 3850 | loss=0.0129 acc=0.9978 lr=4.52e-05
  E8 step 3900 | loss=0.0124 acc=0.9979 lr=4.18e-05
  E8 step 3950 | loss=0.0124 acc=0.9979 lr=3.85e-05
  E8 step 4000 | loss=0.0123 acc=0.9979 lr=3.54e-05
  E8 step 4050 | loss=0.0126 acc=0.9978 lr=3.23e-05
Epoch 8 train_loss=0.0128 train_acc=0.9978 t=51.6s
  [validation] loss=0.0200 acc(global)=0.9959 acc(ex)=0.9963 (11520 ex)
  *** new best val_loss=0.0200 ***
  E9 step 4073 | loss=0.0003 acc=1.0000 lr=3.10e-05
  E9 step 4100 | loss=0.0114 acc=0.9982 lr=2.94e-05
  E9 step 4150 | loss=0.0113 acc=0.9981 lr=2.66e-05
  E9 step 4200 | loss=0.0109 acc=0.9982 lr=2.39e-05
  E9 step 4250 | loss=0.0130 acc=0.9979 lr=2.14e-05
  E9 step 4300 | loss=0.0122 acc=0.9980 lr=1.90e-05
  E9 step 4350 | loss=0.0121 acc=0.9980 lr=1.67e-05
  E9 step 4400 | loss=0.0118 acc=0.9980 lr=1.45e-05
  E9 step 4450 | loss=0.0112 acc=0.9981 lr=1.25e-05
  E9 step 4500 | loss=0.0114 acc=0.9981 lr=1.07e-05
  E9 step 4550 | loss=0.0114 acc=0.9981 lr=8.97e-06
Epoch 9 train_loss=0.0117 train_acc=0.9980 t=52.2s
  [validation] loss=0.0192 acc(global)=0.9961 acc(ex)=0.9965 (11520 ex)
  *** new best val_loss=0.0192 ***
  E10 step 4582 | loss=0.0003 acc=1.0000 lr=7.95e-06
  E10 step 4600 | loss=0.0158 acc=0.9976 lr=7.40e-06
  E10 step 4650 | loss=0.0107 acc=0.9983 lr=5.98e-06
  E10 step 4700 | loss=0.0103 acc=0.9983 lr=4.71e-06
  E10 step 4750 | loss=0.0095 acc=0.9984 lr=3.59e-06
  E10 step 4800 | loss=0.0104 acc=0.9983 lr=2.61e-06
  E10 step 4850 | loss=0.0104 acc=0.9983 lr=1.79e-06
  E10 step 4900 | loss=0.0105 acc=0.9983 lr=1.13e-06
  E10 step 4950 | loss=0.0108 acc=0.9982 lr=6.15e-07
  E10 step 5000 | loss=0.0107 acc=0.9982 lr=2.56e-07
  E10 step 5050 | loss=0.0110 acc=0.9982 lr=5.20e-08
Epoch 10 train_loss=0.0113 train_acc=0.9981 t=52.0s
  [validation] loss=0.0191 acc(global)=0.9961 acc(ex)=0.9965 (11520 ex)
  *** new best val_loss=0.0191 ***
  [test] loss=0.0239 acc(global)=0.9950 acc(ex)=0.9954 (11654 ex)
[done] best_val=0.0191 test_acc(global)=0.9950 -> ${PROJECT_ROOT}/final_paper_scripts_results/segmented_model/memory_reduction_techniques/results/quality_fresh_pair/T1/metrics.json
