[tech] 11110111000 -> Tech(sdpa=True, mlp_running_sum=True, chunked_ce=True, recompute=True, stream_segments=False, offload_records=True, park_grads_host=True, offload_adam=True, segment_wo=False, free_device=False, no_kv_cache=False)
[seg-train] preset=small_8x2x2x8 dev=cuda bs=64 steps/epoch=509 total=5090 | train=32568 val=11520
  E1 step 1 | loss=7.6204 acc=0.0000 lr=1.50e-06
  E1 step 50 | loss=7.3226 acc=0.2105 lr=7.50e-05
  E1 step 100 | loss=6.9440 acc=0.4102 lr=1.50e-04
  E1 step 150 | loss=6.5496 acc=0.5006 lr=2.25e-04
  E1 step 200 | loss=6.0664 acc=0.5529 lr=3.00e-04
  E1 step 250 | loss=5.5148 acc=0.5892 lr=3.00e-04
  E1 step 300 | loss=4.9704 acc=0.6228 lr=3.00e-04
  E1 step 350 | loss=4.4697 acc=0.6563 lr=2.99e-04
  E1 step 400 | loss=4.0292 acc=0.6860 lr=2.99e-04
  E1 step 450 | loss=3.6530 acc=0.7115 lr=2.98e-04
  E1 step 500 | loss=3.3340 acc=0.7338 lr=2.97e-04
Epoch 1 train_loss=3.2819 train_acc=0.7373 t=62.7s
  [validation] loss=0.4484 acc(global)=0.9236 acc(ex)=0.9235 (11520 ex)
  *** new best val_loss=0.4484 ***
  E2 step 510 | loss=0.4272 acc=0.9392 lr=2.97e-04
  E2 step 550 | loss=0.3435 acc=0.9454 lr=2.96e-04
  E2 step 600 | loss=0.2974 acc=0.9523 lr=2.95e-04
  E2 step 650 | loss=0.2748 acc=0.9553 lr=2.94e-04
  E2 step 700 | loss=0.2511 acc=0.9588 lr=2.92e-04
  E2 step 750 | loss=0.2314 acc=0.9616 lr=2.91e-04
  E2 step 800 | loss=0.2151 acc=0.9639 lr=2.89e-04
  E2 step 850 | loss=0.2005 acc=0.9661 lr=2.87e-04
  E2 step 900 | loss=0.1888 acc=0.9676 lr=2.85e-04
  E2 step 950 | loss=0.1772 acc=0.9694 lr=2.83e-04
  E2 step 1000 | loss=0.1688 acc=0.9707 lr=2.81e-04
Epoch 2 train_loss=0.1653 train_acc=0.9712 t=61.7s
  [validation] loss=0.1117 acc(global)=0.9777 acc(ex)=0.9791 (11520 ex)
  *** new best val_loss=0.1117 ***
  E3 step 1019 | loss=0.0396 acc=0.9952 lr=2.80e-04
  E3 step 1050 | loss=0.0623 acc=0.9883 lr=2.78e-04
  E3 step 1100 | loss=0.0645 acc=0.9875 lr=2.76e-04
  E3 step 1150 | loss=0.0667 acc=0.9874 lr=2.73e-04
  E3 step 1200 | loss=0.0643 acc=0.9881 lr=2.70e-04
  E3 step 1250 | loss=0.0636 acc=0.9882 lr=2.67e-04
  E3 step 1300 | loss=0.0622 acc=0.9883 lr=2.64e-04
  E3 step 1350 | loss=0.0619 acc=0.9884 lr=2.61e-04
  E3 step 1400 | loss=0.0613 acc=0.9886 lr=2.58e-04
  E3 step 1450 | loss=0.0590 acc=0.9890 lr=2.54e-04
  E3 step 1500 | loss=0.0582 acc=0.9890 lr=2.51e-04
Epoch 3 train_loss=0.0574 train_acc=0.9892 t=61.7s
  [validation] loss=0.0606 acc(global)=0.9886 acc(ex)=0.9895 (11520 ex)
  *** new best val_loss=0.0606 ***
  E4 step 1528 | loss=0.0312 acc=0.9951 lr=2.49e-04
  E4 step 1550 | loss=0.0536 acc=0.9904 lr=2.47e-04
  E4 step 1600 | loss=0.0467 acc=0.9914 lr=2.43e-04
  E4 step 1650 | loss=0.0427 acc=0.9921 lr=2.40e-04
  E4 step 1700 | loss=0.0401 acc=0.9926 lr=2.36e-04
  E4 step 1750 | loss=0.0396 acc=0.9927 lr=2.32e-04
  E4 step 1800 | loss=0.0392 acc=0.9928 lr=2.28e-04
  E4 step 1850 | loss=0.0372 acc=0.9932 lr=2.23e-04
  E4 step 1900 | loss=0.0362 acc=0.9933 lr=2.19e-04
  E4 step 1950 | loss=0.0353 acc=0.9935 lr=2.15e-04
  E4 step 2000 | loss=0.0346 acc=0.9936 lr=2.10e-04
Epoch 4 train_loss=0.0347 train_acc=0.9936 t=61.5s
  [validation] loss=0.0405 acc(global)=0.9923 acc(ex)=0.9930 (11520 ex)
  *** new best val_loss=0.0405 ***
  E5 step 2037 | loss=0.0310 acc=0.9949 lr=2.07e-04
  E5 step 2050 | loss=0.0211 acc=0.9956 lr=2.06e-04
  E5 step 2100 | loss=0.0223 acc=0.9960 lr=2.02e-04
  E5 step 2150 | loss=0.0257 acc=0.9956 lr=1.97e-04
  E5 step 2200 | loss=0.0263 acc=0.9954 lr=1.92e-04
  E5 step 2250 | loss=0.0264 acc=0.9955 lr=1.88e-04
  E5 step 2300 | loss=0.0256 acc=0.9955 lr=1.83e-04
  E5 step 2350 | loss=0.0241 acc=0.9958 lr=1.78e-04
  E5 step 2400 | loss=0.0243 acc=0.9957 lr=1.74e-04
  E5 step 2450 | loss=0.0240 acc=0.9958 lr=1.69e-04
  E5 step 2500 | loss=0.0236 acc=0.9958 lr=1.64e-04
Epoch 5 train_loss=0.0239 train_acc=0.9958 t=61.5s
  [validation] loss=0.0312 acc(global)=0.9934 acc(ex)=0.9940 (11520 ex)
  *** new best val_loss=0.0312 ***
  E6 step 2546 | loss=0.0039 acc=1.0000 lr=1.60e-04
  E6 step 2550 | loss=0.0131 acc=0.9974 lr=1.59e-04
  E6 step 2600 | loss=0.0163 acc=0.9969 lr=1.54e-04
  E6 step 2650 | loss=0.0196 acc=0.9964 lr=1.50e-04
  E6 step 2700 | loss=0.0201 acc=0.9964 lr=1.45e-04
  E6 step 2750 | loss=0.0192 acc=0.9966 lr=1.40e-04
  E6 step 2800 | loss=0.0185 acc=0.9967 lr=1.35e-04
  E6 step 2850 | loss=0.0185 acc=0.9966 lr=1.30e-04
  E6 step 2900 | loss=0.0179 acc=0.9967 lr=1.26e-04
  E6 step 2950 | loss=0.0181 acc=0.9967 lr=1.21e-04
  E6 step 3000 | loss=0.0185 acc=0.9966 lr=1.16e-04
  E6 step 3050 | loss=0.0183 acc=0.9967 lr=1.12e-04
Epoch 6 train_loss=0.0182 train_acc=0.9967 t=61.4s
  [validation] loss=0.0252 acc(global)=0.9950 acc(ex)=0.9955 (11520 ex)
  *** new best val_loss=0.0252 ***
  E7 step 3055 | loss=0.0013 acc=1.0000 lr=1.11e-04
  E7 step 3100 | loss=0.0162 acc=0.9971 lr=1.07e-04
  E7 step 3150 | loss=0.0146 acc=0.9973 lr=1.02e-04
  E7 step 3200 | loss=0.0147 acc=0.9974 lr=9.77e-05
  E7 step 3250 | loss=0.0144 acc=0.9975 lr=9.32e-05
  E7 step 3300 | loss=0.0148 acc=0.9974 lr=8.88e-05
  E7 step 3350 | loss=0.0148 acc=0.9975 lr=8.44e-05
  E7 step 3400 | loss=0.0144 acc=0.9975 lr=8.01e-05
  E7 step 3450 | loss=0.0143 acc=0.9975 lr=7.59e-05
  E7 step 3500 | loss=0.0144 acc=0.9975 lr=7.18e-05
  E7 step 3550 | loss=0.0142 acc=0.9976 lr=6.77e-05
Epoch 7 train_loss=0.0146 train_acc=0.9975 t=61.6s
  [validation] loss=0.0216 acc(global)=0.9957 acc(ex)=0.9961 (11520 ex)
  *** new best val_loss=0.0216 ***
  E8 step 3564 | loss=0.0106 acc=0.9968 lr=6.66e-05
  E8 step 3600 | loss=0.0130 acc=0.9977 lr=6.37e-05
  E8 step 3650 | loss=0.0120 acc=0.9979 lr=5.98e-05
  E8 step 3700 | loss=0.0135 acc=0.9977 lr=5.60e-05
  E8 step 3750 | loss=0.0127 acc=0.9978 lr=5.23e-05
  E8 step 3800 | loss=0.0132 acc=0.9977 lr=4.87e-05
  E8 step 3850 | loss=0.0128 acc=0.9978 lr=4.52e-05
  E8 step 3900 | loss=0.0123 acc=0.9979 lr=4.18e-05
  E8 step 3950 | loss=0.0123 acc=0.9978 lr=3.85e-05
  E8 step 4000 | loss=0.0121 acc=0.9979 lr=3.54e-05
  E8 step 4050 | loss=0.0124 acc=0.9978 lr=3.23e-05
Epoch 8 train_loss=0.0127 train_acc=0.9978 t=61.5s
  [validation] loss=0.0198 acc(global)=0.9959 acc(ex)=0.9963 (11520 ex)
  *** new best val_loss=0.0198 ***
  E9 step 4073 | loss=0.0003 acc=1.0000 lr=3.10e-05
  E9 step 4100 | loss=0.0117 acc=0.9979 lr=2.94e-05
  E9 step 4150 | loss=0.0114 acc=0.9981 lr=2.66e-05
  E9 step 4200 | loss=0.0111 acc=0.9983 lr=2.39e-05
  E9 step 4250 | loss=0.0131 acc=0.9978 lr=2.14e-05
  E9 step 4300 | loss=0.0121 acc=0.9979 lr=1.90e-05
  E9 step 4350 | loss=0.0121 acc=0.9979 lr=1.67e-05
  E9 step 4400 | loss=0.0117 acc=0.9980 lr=1.45e-05
  E9 step 4450 | loss=0.0112 acc=0.9981 lr=1.25e-05
  E9 step 4500 | loss=0.0113 acc=0.9980 lr=1.07e-05
  E9 step 4550 | loss=0.0114 acc=0.9980 lr=8.97e-06
Epoch 9 train_loss=0.0116 train_acc=0.9980 t=61.5s
  [validation] loss=0.0191 acc(global)=0.9961 acc(ex)=0.9965 (11520 ex)
  *** new best val_loss=0.0191 ***
  E10 step 4582 | loss=0.0023 acc=0.9984 lr=7.95e-06
  E10 step 4600 | loss=0.0155 acc=0.9977 lr=7.40e-06
  E10 step 4650 | loss=0.0108 acc=0.9984 lr=5.98e-06
  E10 step 4700 | loss=0.0103 acc=0.9984 lr=4.71e-06
  E10 step 4750 | loss=0.0096 acc=0.9986 lr=3.59e-06
  E10 step 4800 | loss=0.0105 acc=0.9984 lr=2.61e-06
  E10 step 4850 | loss=0.0105 acc=0.9983 lr=1.79e-06
  E10 step 4900 | loss=0.0106 acc=0.9983 lr=1.13e-06
  E10 step 4950 | loss=0.0108 acc=0.9983 lr=6.15e-07
  E10 step 5000 | loss=0.0107 acc=0.9983 lr=2.56e-07
  E10 step 5050 | loss=0.0110 acc=0.9983 lr=5.20e-08
Epoch 10 train_loss=0.0112 train_acc=0.9982 t=61.4s
  [validation] loss=0.0190 acc(global)=0.9961 acc(ex)=0.9965 (11520 ex)
  *** new best val_loss=0.0190 ***
  [test] loss=0.0237 acc(global)=0.9953 acc(ex)=0.9957 (11654 ex)
[done] best_val=0.0190 test_acc(global)=0.9953 -> ${PROJECT_ROOT}/final_paper_scripts_results/segmented_model/memory_reduction_techniques/results/quality_fresh_pair/T2/metrics.json
